
> my-v0-project@0.1.0 dev C:\Users\LENOVO\Desktop\Workspce\vo-onelink-google
> next dev

   Γû▓ Next.js 15.2.4
   - Local:        http://localhost:3000
   - Network:      http://192.168.0.3:3000
   - Environments: .env.local

 Γ£ô Starting...
 Γ£ô Ready in 3.3s
 Γùï Compiling /middleware ...
 Γ£ô Compiled /middleware in 982ms (176 modules)
 Γ¿» Error [RangeError]: Maximum call stack size exceeded
    at createServerClient (lib\supabase\server.ts:7:2)
    at createServerClient (lib\supabase\server.ts:7:9)
    at createServerClient (lib\supabase\server.ts:7:9)
    at createServerClient (lib\supabase\server.ts:7:9)
    at createServerClient (lib\supabase\server.ts:7:9)
    at createServerClient (lib\supabase\server.ts:7:9)
    at createServerClient (lib\supabase\server.ts:7:9)
    at createServerClient (lib\supabase\server.ts:7:9)
    at createServerClient (lib\supabase\server.ts:7:9)
    at createServerClient (lib\supabase\server.ts:7:9)
   5 |   const cookieStore = cookies()
   6 |
>  7 |   return createServerClient(
     |  ^
   8 |     process.env.NEXT_PUBLIC_SUPABASE_URL!,
   9 |     process.env.NEXT_PUBLIC_SUPABASE_ANON_KEY!,
  10 |     {
 Γùï Compiling /_error ...
<w> [webpack.cache.PackFileCacheStrategy] Serializing big strings (108kiB) impacts deserialization performance (consider using Buffer instead and decode when needed)
 Γ£ô Compiled /_error in 1992ms (357 modules)
Warning: useLayoutEffect does nothing on the server, because its effect cannot be encoded into the server renderer's output format. This will lead to a mismatch between the initial, non-hydrated UI and the intended UI. To avoid this, useLayoutEffect should only be used in components that render exclusively on the client. See https://reactjs.org/link/uselayouteffect-ssr for common fixes.
    at ShadowPortal (C:\Users\LENOVO\Desktop\Workspce\vo-onelink-google\node_modules\.pnpm\next@15.2.4_@playwright+tes_1ccfd59f70f056efd6943af5e6e81095\node_modules\next\src\client\components\react-dev-overlay\ui\components\shadow-portal.tsx:5:32)
    at DevOverlay (C:\Users\LENOVO\Desktop\Workspce\vo-onelink-google\node_modules\.pnpm\next@15.2.4_@playwright+tes_1ccfd59f70f056efd6943af5e6e81095\node_modules\next\src\client\components\react-dev-overlay\ui\dev-overlay.tsx:14:3)
    at ReactDevOverlay (C:\Users\LENOVO\Desktop\Workspce\vo-onelink-google\node_modules\.pnpm\next@15.2.4_@playwright+tes_1ccfd59f70f056efd6943af5e6e81095\node_modules\next\src\server\dev\next-dev-server.ts:82:10)
    at div
    at Body (webpack://next/dist/src/server/render.tsx:1263:19)
Warning: useLayoutEffect does nothing on the server, because its effect cannot be encoded into the server renderer's output format. This will lead to a mismatch between the initial, non-hydrated UI and the intended UI. To avoid this, useLayoutEffect should only be used in components that render exclusively on the client. See https://reactjs.org/link/uselayouteffect-ssr for common fixes.
    at ShadowPortal (C:\Users\LENOVO\Desktop\Workspce\vo-onelink-google\node_modules\.pnpm\next@15.2.4_@playwright+tes_1ccfd59f70f056efd6943af5e6e81095\node_modules\next\src\client\components\react-dev-overlay\ui\components\shadow-portal.tsx:5:32)
    at DevOverlay (C:\Users\LENOVO\Desktop\Workspce\vo-onelink-google\node_modules\.pnpm\next@15.2.4_@playwright+tes_1ccfd59f70f056efd6943af5e6e81095\node_modules\next\src\client\components\react-dev-overlay\ui\dev-overlay.tsx:14:3)
    at ReactDevOverlay (C:\Users\LENOVO\Desktop\Workspce\vo-onelink-google\node_modules\.pnpm\next@15.2.4_@playwright+tes_1ccfd59f70f056efd6943af5e6e81095\node_modules\next\src\server\dev\next-dev-server.ts:82:10)
    at div
    at Body (webpack://next/dist/src/server/render.tsx:1263:19)
 GET / 404 in 9ms
 Γ¿» Error [RangeError]: Maximum call stack size exceeded
    at createServerClient (lib\supabase\server.ts:7:2)
    at createServerClient (lib\supabase\server.ts:7:9)
    at createServerClient (lib\supabase\server.ts:7:9)
    at createServerClient (lib\supabase\server.ts:7:9)
    at createServerClient (lib\supabase\server.ts:7:9)
    at createServerClient (lib\supabase\server.ts:7:9)
    at createServerClient (lib\supabase\server.ts:7:9)
    at createServerClient (lib\supabase\server.ts:7:9)
    at createServerClient (lib\supabase\server.ts:7:9)
    at createServerClient (lib\supabase\server.ts:7:9)
   5 |   const cookieStore = cookies()
   6 |
>  7 |   return createServerClient(
     |  ^
   8 |     process.env.NEXT_PUBLIC_SUPABASE_URL!,
   9 |     process.env.NEXT_PUBLIC_SUPABASE_ANON_KEY!,
  10 |     {
 Γùï Compiling /_not-found ...
 Γ£ô Compiled /_not-found in 9.9s (1395 modules)
Warning: useLayoutEffect does nothing on the server, because its effect cannot be encoded into the server renderer's output format. This will lead to a mismatch between the initial, non-hydrated UI and the intended UI. To avoid this, useLayoutEffect should only be used in components that render exclusively on the client. See https://reactjs.org/link/uselayouteffect-ssr for common fixes.
    at ShadowPortal (C:\Users\LENOVO\Desktop\Workspce\vo-onelink-google\node_modules\.pnpm\next@15.2.4_@playwright+tes_1ccfd59f70f056efd6943af5e6e81095\node_modules\next\src\client\components\react-dev-overlay\ui\components\shadow-portal.tsx:5:32)
    at DevOverlay (C:\Users\LENOVO\Desktop\Workspce\vo-onelink-google\node_modules\.pnpm\next@15.2.4_@playwright+tes_1ccfd59f70f056efd6943af5e6e81095\node_modules\next\src\client\components\react-dev-overlay\ui\dev-overlay.tsx:14:3)
    at ReactDevOverlay (C:\Users\LENOVO\Desktop\Workspce\vo-onelink-google\node_modules\.pnpm\next@15.2.4_@playwright+tes_1ccfd59f70f056efd6943af5e6e81095\node_modules\next\src\server\dev\next-dev-server.ts:82:10)
    at div
    at Body (webpack://next/dist/src/server/render.tsx:1263:19)
Warning: useLayoutEffect does nothing on the server, because its effect cannot be encoded into the server renderer's output format. This will lead to a mismatch between the initial, non-hydrated UI and the intended UI. To avoid this, useLayoutEffect should only be used in components that render exclusively on the client. See https://reactjs.org/link/uselayouteffect-ssr for common fixes.
    at ShadowPortal (C:\Users\LENOVO\Desktop\Workspce\vo-onelink-google\node_modules\.pnpm\next@15.2.4_@playwright+tes_1ccfd59f70f056efd6943af5e6e81095\node_modules\next\src\client\components\react-dev-overlay\ui\components\shadow-portal.tsx:5:32)
    at DevOverlay (C:\Users\LENOVO\Desktop\Workspce\vo-onelink-google\node_modules\.pnpm\next@15.2.4_@playwright+tes_1ccfd59f70f056efd6943af5e6e81095\node_modules\next\src\client\components\react-dev-overlay\ui\dev-overlay.tsx:14:3)
    at ReactDevOverlay (C:\Users\LENOVO\Desktop\Workspce\vo-onelink-google\node_modules\.pnpm\next@15.2.4_@playwright+tes_1ccfd59f70f056efd6943af5e6e81095\node_modules\next\src\server\dev\next-dev-server.ts:82:10)
    at div
    at Body (webpack://next/dist/src/server/render.tsx:1263:19)
 GET / 404 in 5ms
 Γ¿» Error [RangeError]: Maximum call stack size exceeded
    at createServerClient (lib\supabase\server.ts:7:2)
    at createServerClient (lib\supabase\server.ts:7:9)
    at createServerClient (lib\supabase\server.ts:7:9)
    at createServerClient (lib\supabase\server.ts:7:9)
    at createServerClient (lib\supabase\server.ts:7:9)
    at createServerClient (lib\supabase\server.ts:7:9)
    at createServerClient (lib\supabase\server.ts:7:9)
    at createServerClient (lib\supabase\server.ts:7:9)
    at createServerClient (lib\supabase\server.ts:7:9)
    at createServerClient (lib\supabase\server.ts:7:9)
   5 |   const cookieStore = cookies()
   6 |
>  7 |   return createServerClient(
     |  ^
   8 |     process.env.NEXT_PUBLIC_SUPABASE_URL!,
   9 |     process.env.NEXT_PUBLIC_SUPABASE_ANON_KEY!,
  10 |     {
Warning: useLayoutEffect does nothing on the server, because its effect cannot be encoded into the server renderer's output format. This will lead to a mismatch between the initial, non-hydrated UI and the intended UI. To avoid this, useLayoutEffect should only be used in components that render exclusively on the client. See https://reactjs.org/link/uselayouteffect-ssr for common fixes.
    at ShadowPortal (C:\Users\LENOVO\Desktop\Workspce\vo-onelink-google\node_modules\.pnpm\next@15.2.4_@playwright+tes_1ccfd59f70f056efd6943af5e6e81095\node_modules\next\src\client\components\react-dev-overlay\ui\components\shadow-portal.tsx:5:32)
    at DevOverlay (C:\Users\LENOVO\Desktop\Workspce\vo-onelink-google\node_modules\.pnpm\next@15.2.4_@playwright+tes_1ccfd59f70f056efd6943af5e6e81095\node_modules\next\src\client\components\react-dev-overlay\ui\dev-overlay.tsx:14:3)
    at ReactDevOverlay (C:\Users\LENOVO\Desktop\Workspce\vo-onelink-google\node_modules\.pnpm\next@15.2.4_@playwright+tes_1ccfd59f70f056efd6943af5e6e81095\node_modules\next\src\server\dev\next-dev-server.ts:82:10)
    at div
    at Body (webpack://next/dist/src/server/render.tsx:1263:19)
Warning: useLayoutEffect does nothing on the server, because its effect cannot be encoded into the server renderer's output format. This will lead to a mismatch between the initial, non-hydrated UI and the intended UI. To avoid this, useLayoutEffect should only be used in components that render exclusively on the client. See https://reactjs.org/link/uselayouteffect-ssr for common fixes.
    at ShadowPortal (C:\Users\LENOVO\Desktop\Workspce\vo-onelink-google\node_modules\.pnpm\next@15.2.4_@playwright+tes_1ccfd59f70f056efd6943af5e6e81095\node_modules\next\src\client\components\react-dev-overlay\ui\components\shadow-portal.tsx:5:32)
    at DevOverlay (C:\Users\LENOVO\Desktop\Workspce\vo-onelink-google\node_modules\.pnpm\next@15.2.4_@playwright+tes_1ccfd59f70f056efd6943af5e6e81095\node_modules\next\src\client\components\react-dev-overlay\ui\dev-overlay.tsx:14:3)
    at ReactDevOverlay (C:\Users\LENOVO\Desktop\Workspce\vo-onelink-google\node_modules\.pnpm\next@15.2.4_@playwright+tes_1ccfd59f70f056efd6943af5e6e81095\node_modules\next\src\server\dev\next-dev-server.ts:82:10)
    at div
    at Body (webpack://next/dist/src/server/render.tsx:1263:19)
 GET /.well-known/appspecific/com.chrome.devtools.json 404 in 6ms
 ΓÜá ./middleware.ts
Attempted import error: 'createServerClient' is not exported from '@/lib/supabase/server' (imported as 'createServerClient').
 Γ¿» Error [TypeError]: (0 , _lib_supabase_server__WEBPACK_IMPORTED_MODULE_2__.createServerClient) is not a function
    at middleware (middleware.ts:11:38)
   9 |
  10 |   // Now, create a client to check auth state for the rest of the logic
> 11 |   const supabase = createServerClient(req.cookies)
     |                                      ^
  12 |
  13 |   const {
  14 |     data: { session },
 Γ¿» Error [TypeError]: (0 , _lib_supabase_server__WEBPACK_IMPORTED_MODULE_2__.createServerClient) is not a function
    at middleware (middleware.ts:11:38)
   9 |
  10 |   // Now, create a client to check auth state for the rest of the logic
> 11 |   const supabase = createServerClient(req.cookies)
     |                                      ^
  12 |
  13 |   const {
  14 |     data: { session },
 ΓÜá Fast Refresh had to perform a full reload due to a runtime error.
 Γ¿» Error [TypeError]: (0 , _lib_supabase_server__WEBPACK_IMPORTED_MODULE_2__.createServerClient) is not a function
    at middleware (middleware.ts:11:38)
   9 |
  10 |   // Now, create a client to check auth state for the rest of the logic
> 11 |   const supabase = createServerClient(req.cookies)
     |                                      ^
  12 |
  13 |   const {
  14 |     data: { session },
Warning: useLayoutEffect does nothing on the server, because its effect cannot be encoded into the server renderer's output format. This will lead to a mismatch between the initial, non-hydrated UI and the intended UI. To avoid this, useLayoutEffect should only be used in components that render exclusively on the client. See https://reactjs.org/link/uselayouteffect-ssr for common fixes.
    at ShadowPortal (C:\Users\LENOVO\Desktop\Workspce\vo-onelink-google\node_modules\.pnpm\next@15.2.4_@playwright+tes_1ccfd59f70f056efd6943af5e6e81095\node_modules\next\src\client\components\react-dev-overlay\ui\components\shadow-portal.tsx:5:32)
    at DevOverlay (C:\Users\LENOVO\Desktop\Workspce\vo-onelink-google\node_modules\.pnpm\next@15.2.4_@playwright+tes_1ccfd59f70f056efd6943af5e6e81095\node_modules\next\src\client\components\react-dev-overlay\ui\dev-overlay.tsx:14:3)
    at ReactDevOverlay (C:\Users\LENOVO\Desktop\Workspce\vo-onelink-google\node_modules\.pnpm\next@15.2.4_@playwright+tes_1ccfd59f70f056efd6943af5e6e81095\node_modules\next\src\server\dev\next-dev-server.ts:82:10)
    at div
    at Body (webpack://next/dist/src/server/render.tsx:1263:19)
Warning: useLayoutEffect does nothing on the server, because its effect cannot be encoded into the server renderer's output format. This will lead to a mismatch between the initial, non-hydrated UI and the intended UI. To avoid this, useLayoutEffect should only be used in components that render exclusively on the client. See https://reactjs.org/link/uselayouteffect-ssr for common fixes.
    at ShadowPortal (C:\Users\LENOVO\Desktop\Workspce\vo-onelink-google\node_modules\.pnpm\next@15.2.4_@playwright+tes_1ccfd59f70f056efd6943af5e6e81095\node_modules\next\src\client\components\react-dev-overlay\ui\components\shadow-portal.tsx:5:32)
    at DevOverlay (C:\Users\LENOVO\Desktop\Workspce\vo-onelink-google\node_modules\.pnpm\next@15.2.4_@playwright+tes_1ccfd59f70f056efd6943af5e6e81095\node_modules\next\src\client\components\react-dev-overlay\ui\dev-overlay.tsx:14:3)
    at ReactDevOverlay (C:\Users\LENOVO\Desktop\Workspce\vo-onelink-google\node_modules\.pnpm\next@15.2.4_@playwright+tes_1ccfd59f70f056efd6943af5e6e81095\node_modules\next\src\server\dev\next-dev-server.ts:82:10)
    at div
    at Body (webpack://next/dist/src/server/render.tsx:1263:19)
Warning: useLayoutEffect does nothing on the server, because its effect cannot be encoded into the server renderer's output format. This will lead to a mismatch between the initial, non-hydrated UI and the intended UI. To avoid this, useLayoutEffect should only be used in components that render exclusively on the client. See https://reactjs.org/link/uselayouteffect-ssr for common fixes.
    at ShadowPortal (C:\Users\LENOVO\Desktop\Workspce\vo-onelink-google\node_modules\.pnpm\next@15.2.4_@playwright+tes_1ccfd59f70f056efd6943af5e6e81095\node_modules\next\src\client\components\react-dev-overlay\ui\components\shadow-portal.tsx:5:32)
    at DevOverlay (C:\Users\LENOVO\Desktop\Workspce\vo-onelink-google\node_modules\.pnpm\next@15.2.4_@playwright+tes_1ccfd59f70f056efd6943af5e6e81095\node_modules\next\src\client\components\react-dev-overlay\ui\dev-overlay.tsx:14:3)
    at ReactDevOverlay (C:\Users\LENOVO\Desktop\Workspce\vo-onelink-google\node_modules\.pnpm\next@15.2.4_@playwright+tes_1ccfd59f70f056efd6943af5e6e81095\node_modules\next\src\server\dev\next-dev-server.ts:82:10)
    at div
    at Body (webpack://next/dist/src/server/render.tsx:1263:19)
Warning: useLayoutEffect does nothing on the server, because its effect cannot be encoded into the server renderer's output format. This will lead to a mismatch between the initial, non-hydrated UI and the intended UI. To avoid this, useLayoutEffect should only be used in components that render exclusively on the client. See https://reactjs.org/link/uselayouteffect-ssr for common fixes.
    at ShadowPortal (C:\Users\LENOVO\Desktop\Workspce\vo-onelink-google\node_modules\.pnpm\next@15.2.4_@playwright+tes_1ccfd59f70f056efd6943af5e6e81095\node_modules\next\src\client\components\react-dev-overlay\ui\components\shadow-portal.tsx:5:32)
    at DevOverlay (C:\Users\LENOVO\Desktop\Workspce\vo-onelink-google\node_modules\.pnpm\next@15.2.4_@playwright+tes_1ccfd59f70f056efd6943af5e6e81095\node_modules\next\src\client\components\react-dev-overlay\ui\dev-overlay.tsx:14:3)
    at ReactDevOverlay (C:\Users\LENOVO\Desktop\Workspce\vo-onelink-google\node_modules\.pnpm\next@15.2.4_@playwright+tes_1ccfd59f70f056efd6943af5e6e81095\node_modules\next\src\server\dev\next-dev-server.ts:82:10)
    at div
    at Body (webpack://next/dist/src/server/render.tsx:1263:19)
Warning: useLayoutEffect does nothing on the server, because its effect cannot be encoded into the server renderer's output format. This will lead to a mismatch between the initial, non-hydrated UI and the intended UI. To avoid this, useLayoutEffect should only be used in components that render exclusively on the client. See https://reactjs.org/link/uselayouteffect-ssr for common fixes.
    at ShadowPortal (C:\Users\LENOVO\Desktop\Workspce\vo-onelink-google\node_modules\.pnpm\next@15.2.4_@playwright+tes_1ccfd59f70f056efd6943af5e6e81095\node_modules\next\src\client\components\react-dev-overlay\ui\components\shadow-portal.tsx:5:32)
    at DevOverlay (C:\Users\LENOVO\Desktop\Workspce\vo-onelink-google\node_modules\.pnpm\next@15.2.4_@playwright+tes_1ccfd59f70f056efd6943af5e6e81095\node_modules\next\src\client\components\react-dev-overlay\ui\dev-overlay.tsx:14:3)
    at ReactDevOverlay (C:\Users\LENOVO\Desktop\Workspce\vo-onelink-google\node_modules\.pnpm\next@15.2.4_@playwright+tes_1ccfd59f70f056efd6943af5e6e81095\node_modules\next\src\server\dev\next-dev-server.ts:82:10)
    at div
    at Body (webpack://next/dist/src/server/render.tsx:1263:19)
Warning: useLayoutEffect does nothing on the server, because its effect cannot be encoded into the server renderer's output format. This will lead to a mismatch between the initial, non-hydrated UI and the intended UI. To avoid this, useLayoutEffect should only be used in components that render exclusively on the client. See https://reactjs.org/link/uselayouteffect-ssr for common fixes.
    at ShadowPortal (C:\Users\LENOVO\Desktop\Workspce\vo-onelink-google\node_modules\.pnpm\next@15.2.4_@playwright+tes_1ccfd59f70f056efd6943af5e6e81095\node_modules\next\src\client\components\react-dev-overlay\ui\components\shadow-portal.tsx:5:32)
    at DevOverlay (C:\Users\LENOVO\Desktop\Workspce\vo-onelink-google\node_modules\.pnpm\next@15.2.4_@playwright+tes_1ccfd59f70f056efd6943af5e6e81095\node_modules\next\src\client\components\react-dev-overlay\ui\dev-overlay.tsx:14:3)
    at ReactDevOverlay (C:\Users\LENOVO\Desktop\Workspce\vo-onelink-google\node_modules\.pnpm\next@15.2.4_@playwright+tes_1ccfd59f70f056efd6943af5e6e81095\node_modules\next\src\server\dev\next-dev-server.ts:82:10)
    at div
    at Body (webpack://next/dist/src/server/render.tsx:1263:19)
 GET / 404 in 3ms
 ΓÜá ./middleware.ts
Attempted import error: 'createServerClient' is not exported from '@/lib/supabase/server' (imported as 'createServerClient').
 Γ¿» Error [TypeError]: (0 , _lib_supabase_server__WEBPACK_IMPORTED_MODULE_2__.createServerClient) is not a function
    at middleware (middleware.ts:11:38)
   9 |
  10 |   // Now, create a client to check auth state for the rest of the logic
> 11 |   const supabase = createServerClient(req.cookies)
     |                                      ^
  12 |
  13 |   const {
  14 |     data: { session },
 Γùï Compiling /_not-found ...
 ΓÜá ./middleware.ts
Attempted import error: 'createServerClient' is not exported from '@/lib/supabase/server' (imported as 'createServerClient').
Warning: useLayoutEffect does nothing on the server, because its effect cannot be encoded into the server renderer's output format. This will lead to a mismatch between the initial, non-hydrated UI and the intended UI. To avoid this, useLayoutEffect should only be used in components that render exclusively on the client. See https://reactjs.org/link/uselayouteffect-ssr for common fixes.
    at ShadowPortal (C:\Users\LENOVO\Desktop\Workspce\vo-onelink-google\node_modules\.pnpm\next@15.2.4_@playwright+tes_1ccfd59f70f056efd6943af5e6e81095\node_modules\next\src\client\components\react-dev-overlay\ui\components\shadow-portal.tsx:5:32)
    at DevOverlay (C:\Users\LENOVO\Desktop\Workspce\vo-onelink-google\node_modules\.pnpm\next@15.2.4_@playwright+tes_1ccfd59f70f056efd6943af5e6e81095\node_modules\next\src\client\components\react-dev-overlay\ui\dev-overlay.tsx:14:3)
    at ReactDevOverlay (C:\Users\LENOVO\Desktop\Workspce\vo-onelink-google\node_modules\.pnpm\next@15.2.4_@playwright+tes_1ccfd59f70f056efd6943af5e6e81095\node_modules\next\src\server\dev\next-dev-server.ts:82:10)
    at div
    at Body (webpack://next/dist/src/server/render.tsx:1263:19)
Warning: useLayoutEffect does nothing on the server, because its effect cannot be encoded into the server renderer's output format. This will lead to a mismatch between the initial, non-hydrated UI and the intended UI. To avoid this, useLayoutEffect should only be used in components that render exclusively on the client. See https://reactjs.org/link/uselayouteffect-ssr for common fixes.
    at ShadowPortal (C:\Users\LENOVO\Desktop\Workspce\vo-onelink-google\node_modules\.pnpm\next@15.2.4_@playwright+tes_1ccfd59f70f056efd6943af5e6e81095\node_modules\next\src\client\components\react-dev-overlay\ui\components\shadow-portal.tsx:5:32)
    at DevOverlay (C:\Users\LENOVO\Desktop\Workspce\vo-onelink-google\node_modules\.pnpm\next@15.2.4_@playwright+tes_1ccfd59f70f056efd6943af5e6e81095\node_modules\next\src\client\components\react-dev-overlay\ui\dev-overlay.tsx:14:3)
    at ReactDevOverlay (C:\Users\LENOVO\Desktop\Workspce\vo-onelink-google\node_modules\.pnpm\next@15.2.4_@playwright+tes_1ccfd59f70f056efd6943af5e6e81095\node_modules\next\src\server\dev\next-dev-server.ts:82:10)
    at div
    at Body (webpack://next/dist/src/server/render.tsx:1263:19)
 GET /.well-known/appspecific/com.chrome.devtools.json 404 in 3ms
 ΓÜá ./middleware.ts
Attempted import error: 'createServerClient' is not exported from '@/lib/supabase/server' (imported as 'createServerClient').
 ΓÜá ./middleware.ts
Attempted import error: 'createServerClient' is not exported from '@/lib/supabase/server' (imported as 'createServerClient').
 ΓÜá ./middleware.ts
Attempted import error: 'createServerClient' is not exported from '@/lib/supabase/server' (imported as 'createServerClient').
 ΓÜá ./middleware.ts
Attempted import error: 'createServerClient' is not exported from '@/lib/supabase/server' (imported as 'createServerClient').
 ΓÜá ./middleware.ts
Attempted import error: 'createServerClient' is not exported from '@/lib/supabase/server' (imported as 'createServerClient').
ΓÇëELIFECYCLEΓÇë Command failed with exit code 3221225786.
